Archive member included to satisfy reference by file (symbol)

D:/GP/IMP_Files/STM32CubeIDE_1.4.0/STM32CubeIDE/plugins/com.st.stm32cube.ide.mcu.externaltools.gnu-tools-for-stm32.11.3.rel1.win32_1.1.100.202309141235/tools/bin/../lib/gcc/arm-none-eabi/11.3.1/../../../../arm-none-eabi/lib/thumb/v7e-m+fp/hard\libc_nano.a(libc_a-exit.o)
                              D:/GP/IMP_Files/STM32CubeIDE_1.4.0/STM32CubeIDE/plugins/com.st.stm32cube.ide.mcu.externaltools.gnu-tools-for-stm32.11.3.rel1.win32_1.1.100.202309141235/tools/bin/../lib/gcc/arm-none-eabi/11.3.1/../../../../arm-none-eabi/lib/thumb/v7e-m+fp/hard/crt0.o (exit)
D:/GP/IMP_Files/STM32CubeIDE_1.4.0/STM32CubeIDE/plugins/com.st.stm32cube.ide.mcu.externaltools.gnu-tools-for-stm32.11.3.rel1.win32_1.1.100.202309141235/tools/bin/../lib/gcc/arm-none-eabi/11.3.1/../../../../arm-none-eabi/lib/thumb/v7e-m+fp/hard\libc_nano.a(libc_a-findfp.o)
                              D:/GP/IMP_Files/STM32CubeIDE_1.4.0/STM32CubeIDE/plugins/com.st.stm32cube.ide.mcu.externaltools.gnu-tools-for-stm32.11.3.rel1.win32_1.1.100.202309141235/tools/bin/../lib/gcc/arm-none-eabi/11.3.1/../../../../arm-none-eabi/lib/thumb/v7e-m+fp/hard\libc_nano.a(libc_a-exit.o) (__stdio_exit_handler)
D:/GP/IMP_Files/STM32CubeIDE_1.4.0/STM32CubeIDE/plugins/com.st.stm32cube.ide.mcu.externaltools.gnu-tools-for-stm32.11.3.rel1.win32_1.1.100.202309141235/tools/bin/../lib/gcc/arm-none-eabi/11.3.1/../../../../arm-none-eabi/lib/thumb/v7e-m+fp/hard\libc_nano.a(libc_a-fwalk.o)
                              D:/GP/IMP_Files/STM32CubeIDE_1.4.0/STM32CubeIDE/plugins/com.st.stm32cube.ide.mcu.externaltools.gnu-tools-for-stm32.11.3.rel1.win32_1.1.100.202309141235/tools/bin/../lib/gcc/arm-none-eabi/11.3.1/../../../../arm-none-eabi/lib/thumb/v7e-m+fp/hard\libc_nano.a(libc_a-findfp.o) (_fwalk_sglue)
D:/GP/IMP_Files/STM32CubeIDE_1.4.0/STM32CubeIDE/plugins/com.st.stm32cube.ide.mcu.externaltools.gnu-tools-for-stm32.11.3.rel1.win32_1.1.100.202309141235/tools/bin/../lib/gcc/arm-none-eabi/11.3.1/../../../../arm-none-eabi/lib/thumb/v7e-m+fp/hard\libc_nano.a(libc_a-stdio.o)
                              D:/GP/IMP_Files/STM32CubeIDE_1.4.0/STM32CubeIDE/plugins/com.st.stm32cube.ide.mcu.externaltools.gnu-tools-for-stm32.11.3.rel1.win32_1.1.100.202309141235/tools/bin/../lib/gcc/arm-none-eabi/11.3.1/../../../../arm-none-eabi/lib/thumb/v7e-m+fp/hard\libc_nano.a(libc_a-findfp.o) (__sread)
D:/GP/IMP_Files/STM32CubeIDE_1.4.0/STM32CubeIDE/plugins/com.st.stm32cube.ide.mcu.externaltools.gnu-tools-for-stm32.11.3.rel1.win32_1.1.100.202309141235/tools/bin/../lib/gcc/arm-none-eabi/11.3.1/../../../../arm-none-eabi/lib/thumb/v7e-m+fp/hard\libc_nano.a(libc_a-memset.o)
                              D:/GP/IMP_Files/STM32CubeIDE_1.4.0/STM32CubeIDE/plugins/com.st.stm32cube.ide.mcu.externaltools.gnu-tools-for-stm32.11.3.rel1.win32_1.1.100.202309141235/tools/bin/../lib/gcc/arm-none-eabi/11.3.1/../../../../arm-none-eabi/lib/thumb/v7e-m+fp/hard/crt0.o (memset)
D:/GP/IMP_Files/STM32CubeIDE_1.4.0/STM32CubeIDE/plugins/com.st.stm32cube.ide.mcu.externaltools.gnu-tools-for-stm32.11.3.rel1.win32_1.1.100.202309141235/tools/bin/../lib/gcc/arm-none-eabi/11.3.1/../../../../arm-none-eabi/lib/thumb/v7e-m+fp/hard\libc_nano.a(libc_a-closer.o)
                              D:/GP/IMP_Files/STM32CubeIDE_1.4.0/STM32CubeIDE/plugins/com.st.stm32cube.ide.mcu.externaltools.gnu-tools-for-stm32.11.3.rel1.win32_1.1.100.202309141235/tools/bin/../lib/gcc/arm-none-eabi/11.3.1/../../../../arm-none-eabi/lib/thumb/v7e-m+fp/hard\libc_nano.a(libc_a-stdio.o) (_close_r)
D:/GP/IMP_Files/STM32CubeIDE_1.4.0/STM32CubeIDE/plugins/com.st.stm32cube.ide.mcu.externaltools.gnu-tools-for-stm32.11.3.rel1.win32_1.1.100.202309141235/tools/bin/../lib/gcc/arm-none-eabi/11.3.1/../../../../arm-none-eabi/lib/thumb/v7e-m+fp/hard\libc_nano.a(libc_a-reent.o)
                              D:/GP/IMP_Files/STM32CubeIDE_1.4.0/STM32CubeIDE/plugins/com.st.stm32cube.ide.mcu.externaltools.gnu-tools-for-stm32.11.3.rel1.win32_1.1.100.202309141235/tools/bin/../lib/gcc/arm-none-eabi/11.3.1/../../../../arm-none-eabi/lib/thumb/v7e-m+fp/hard\libc_nano.a(libc_a-closer.o) (errno)
D:/GP/IMP_Files/STM32CubeIDE_1.4.0/STM32CubeIDE/plugins/com.st.stm32cube.ide.mcu.externaltools.gnu-tools-for-stm32.11.3.rel1.win32_1.1.100.202309141235/tools/bin/../lib/gcc/arm-none-eabi/11.3.1/../../../../arm-none-eabi/lib/thumb/v7e-m+fp/hard\libc_nano.a(libc_a-impure.o)
                              D:/GP/IMP_Files/STM32CubeIDE_1.4.0/STM32CubeIDE/plugins/com.st.stm32cube.ide.mcu.externaltools.gnu-tools-for-stm32.11.3.rel1.win32_1.1.100.202309141235/tools/bin/../lib/gcc/arm-none-eabi/11.3.1/../../../../arm-none-eabi/lib/thumb/v7e-m+fp/hard\libc_nano.a(libc_a-reent.o) (_impure_ptr)
D:/GP/IMP_Files/STM32CubeIDE_1.4.0/STM32CubeIDE/plugins/com.st.stm32cube.ide.mcu.externaltools.gnu-tools-for-stm32.11.3.rel1.win32_1.1.100.202309141235/tools/bin/../lib/gcc/arm-none-eabi/11.3.1/../../../../arm-none-eabi/lib/thumb/v7e-m+fp/hard\libc_nano.a(libc_a-lseekr.o)
[...]
Memory Configuration

Name             Origin             Length             Attributes
RAM              0x0000000020000000 0x0000000000010000 xrw
FLASH            0x0000000008000000 0x0000000000040000 xr
*default*        0x0000000000000000 0xffffffffffffffff

Linker script and memory map

LOAD D:/GP/IMP_Files/STM32CubeIDE_1.4.0/STM32CubeIDE/plugins/com.st.stm32cube.ide.mcu.externaltools.gnu-tools-for-stm32.11.3.rel1.win32_1.1.100.202309141235/tools/bin/../lib/gcc/arm-none-eabi/11.3.1/thumb/v7e-m+fp/hard/crti.o
LOAD D:/GP/IMP_Files/STM32CubeIDE_1.4.0/STM32CubeIDE/plugins/com.st.stm32cube.ide.mcu.externaltools.gnu-tools-for-stm32.11.3.rel1.win32_1.1.100.202309141235/tools/bin/../lib/gcc/arm-none-eabi/11.3.1/thumb/v7e-m+fp/hard/crtbegin.o
LOAD D:/GP/IMP_Files/STM32CubeIDE_1.4.0/STM32CubeIDE/plugins/com.st.stm32cube.ide.mcu.externaltools.gnu-tools-for-stm32.11.3.rel1.win32_1.1.100.202309141235/tools/bin/../lib/gcc/arm-none-eabi/11.3.1/../../../../arm-none-eabi/lib/thumb/v7e-m+fp/hard/crt0.o
LOAD ./Src/FMI_Program.o
LOAD ./Src/GPIO_program.o
LOAD ./Src/Hex_Parser.o
LOAD ./Src/RCC_Program.o
LOAD ./Src/STK_prg.o
LOAD ./Src/UART_program.o
LOAD ./Src/main.o
LOAD ./Src/syscalls.o
LOAD ./Src/sysmem.o
LOAD ./Startup/startup_stm32f401ccux.o
START GROUP
LOAD D:/GP/IMP_Files/STM32CubeIDE_1.4.0/STM32CubeIDE/plugins/com.st.stm32cube.ide.mcu.externaltools.gnu-tools-for-stm32.11.3.rel1.win32_1.1.100.202309141235/tools/bin/../lib/gcc/arm-none-eabi/11.3.1/../../../../arm-none-eabi/lib/thumb/v7e-m+fp/hard\libc_nano.a
LOAD D:/GP/IMP_Files/STM32CubeIDE_1.4.0/STM32CubeIDE/plugins/com.st.stm32cube.ide.mcu.externaltools.gnu-tools-for-stm32.11.3.rel1.win32_1.1.100.202309141235/tools/bin/../lib/gcc/arm-none-eabi/11.3.1/../../../../arm-none-eabi/lib/thumb/v7e-m+fp/hard\libm.a
END GROUP
START GROUP
LOAD D:/GP/IMP_Files/STM32CubeIDE_1.4.0/STM32CubeIDE/plugins/com.st.stm32cube.ide.mcu.externaltools.gnu-tools-for-stm32.11.3.rel1.win32_1.1.100.202309141235/tools/bin/../lib/gcc/arm-none-eabi/11.3.1/thumb/v7e-m+fp/hard\libgcc.a
LOAD D:/GP/IMP_Files/STM32CubeIDE_1.4.0/STM32CubeIDE/plugins/com.st.stm32cube.ide.mcu.externaltools.gnu-tools-for-stm32.11.3.rel1.win32_1.1.100.202309141235/tools/bin/../lib/gcc/arm-none-eabi/11.3.1/../../../../arm-none-eabi/lib/thumb/v7e-m+fp/hard\libc_nano.a
END GROUP
START GROUP
LOAD D:/GP/IMP_Files/STM32CubeIDE_1.4.0/STM32CubeIDE/plugins/com.st.stm32cube.ide.mcu.externaltools.gnu-tools-for-stm32.11.3.rel1.win32_1.1.100.202309141235/tools/bin/../lib/gcc/arm-none-eabi/11.3.1/thumb/v7e-m+fp/hard\libgcc.a
LOAD D:/GP/IMP_Files/STM32CubeIDE_1.4.0/STM32CubeIDE/plugins/com.st.stm32cube.ide.mcu.externaltools.gnu-tools-for-stm32.11.3.rel1.win32_1.1.100.202309141235/tools/bin/../lib/gcc/arm-none-eabi/11.3.1/../../../../arm-none-eabi/lib/thumb/v7e-m+fp/hard\libc_nano.a
LOAD D:/GP/IMP_Files/STM32CubeIDE_1.4.0/STM32CubeIDE/plugins/com.st.stm32cube.ide.mcu.externaltools.gnu-tools-for-stm32.11.3.rel1.win32_1.1.100.202309141235/tools/bin/../lib/gcc/arm-none-eabi/11.3.1/../../../../arm-none-eabi/lib/thumb/v7e-m+fp/hard\libnosys.a
END GROUP
START GROUP
LOAD D:/GP/IMP_Files/STM32CubeIDE_1.4.0/STM32CubeIDE/plugins/com.st.stm32cube.ide.mcu.externaltools.gnu-tools-for-stm32.11.3.rel1.win32_1.1.100.202309141235/tools/bin/../lib/gcc/arm-none-eabi/11.3.1/thumb/v7e-m+fp/hard\libgcc.a
LOAD D:/GP/IMP_Files/STM32CubeIDE_1.4.0/STM32CubeIDE/plugins/com.st.stm32cube.ide.mcu.externaltools.gnu-tools-for-stm32.11.3.rel1.win32_1.1.100.202309141235/tools/bin/../lib/gcc/arm-none-eabi/11.3.1/../../../../arm-none-eabi/lib/thumb/v7e-m+fp/hard\libc_nano.a
LOAD D:/GP/IMP_Files/STM32CubeIDE_1.4.0/STM32CubeIDE/plugins/com.st.stm32cube.ide.mcu.externaltools.gnu-tools-for-stm32.11.3.rel1.win32_1.1.100.202309141235/tools/bin/../lib/gcc/arm-none-eabi/11.3.1/../../../../arm-none-eabi/lib/thumb/v7e-m+fp/hard\libnosys.a
END GROUP
LOAD D:/GP/IMP_Files/STM32CubeIDE_1.4.0/STM32CubeIDE/plugins/com.st.stm32cube.ide.mcu.externaltools.gnu-tools-for-stm32.11.3.rel1.win32_1.1.100.202309141235/tools/bin/../lib/gcc/arm-none-eabi/11.3.1/thumb/v7e-m+fp/hard/crtend.o
LOAD D:/GP/IMP_Files/STM32CubeIDE_1.4.0/STM32CubeIDE/plugins/com.st.stm32cube.ide.mcu.externaltools.gnu-tools-for-stm32.11.3.rel1.win32_1.1.100.202309141235/tools/bin/../lib/gcc/arm-none-eabi/11.3.1/thumb/v7e-m+fp/hard/crtn.o
                0x0000000020010000                _estack = (ORIGIN (RAM) + LENGTH (RAM))
                0x0000000000000200                _Min_Heap_Size = 0x200
                0x0000000000000400                _Min_Stack_Size = 0x400

.isr_vector     0x0000000008000000      0x194
                0x0000000008000000                . = ALIGN (0x4)
 *(.isr_vector)
 .isr_vector    0x0000000008000000      0x194 ./Startup/startup_stm32f401ccux.o
                0x0000000008000000                g_pfnVectors
                0x0000000008000194                . = ALIGN (0x4)

.text           0x0000000008000198     0x18f4
                0x0000000008000198                . = ALIGN (0x4)
 *(.text)
 .text          0x0000000008000198       0x40 D:/GP/IMP_Files/STM32CubeIDE_1.4.0/STM32CubeIDE/plugins/com.st.stm32cube.ide.mcu.externaltools.gnu-tools-for-stm32.11.3.rel1.win32_1.1.100.202309141235/tools/bin/../lib/gcc/arm-none-eabi/11.3.1/thumb/v7e-m+fp/hard/crtbegin.o
 .text          0x00000000080001d8       0x30 D:/GP/IMP_Files/STM32CubeIDE_1.4.0/STM32CubeIDE/plugins/com.st.stm32cube.ide.mcu.externaltools.gnu-tools-for-stm32.11.3.rel1.win32_1.1.100.202309141235/tools/bin/../lib/gcc/arm-none-eabi/11.3.1/thumb/v7e-m+fp/hard\libgcc.a(_aeabi_uldivmod.o)
                0x00000000080001d8                __aeabi_uldivmod
 .text          0x0000000008000208      0x2c8 D:/GP/IMP_Files/STM32CubeIDE_1.4.0/STM32CubeIDE/plugins/com.st.stm32cube.ide.mcu.externaltools.gnu-tools-for-stm32.11.3.rel1.win32_1.1.100.202309141235/tools/bin/../lib/gcc/arm-none-eabi/11.3.1/thumb/v7e-m+fp/hard\libgcc.a(_udivmoddi4.o)
                0x0000000008000208                __udivmoddi4
 .text          0x00000000080004d0        0x4 D:/GP/IMP_Files/STM32CubeIDE_1.4.0/STM32CubeIDE/plugins/com.st.stm32cube.ide.mcu.externaltools.gnu-tools-for-stm32.11.3.rel1.win32_1.1.100.202309141235/tools/bin/../lib/gcc/arm-none-eabi/11.3.1/thumb/v7e-m+fp/hard\libgcc.a(_dvmd_tls.o)
                0x00000000080004d0                __aeabi_idiv0
                0x00000000080004d0                __aeabi_ldiv0
 *(.text*)
 .text.FMI_voidFlashWrite
                0x00000000080004d4       0xc4 ./Src/FMI_Program.o
                0x00000000080004d4                FMI_voidFlashWrite
 .text.MGPIO_voidSetPinDirection
                0x0000000008000598      0xa64 ./Src/GPIO_program.o
                0x0000000008000598                MGPIO_voidSetPinDirection
 .text.MGPIO_voidSetAF
                0x0000000008000ffc       0xe8 ./Src/GPIO_program.o
                0x0000000008000ffc                MGPIO_voidSetAF
 .text.HexParser_u8Ascii2Num
                0x00000000080010e4       0x42 ./Src/Hex_Parser.o
 *fill*         0x0000000008001126        0x2 
 .text.HexParser_vParseData
                0x0000000008001128      0x150 ./Src/Hex_Parser.o
                0x0000000008001128                HexParser_vParseData
 .text.MRCC_voidInit
                0x0000000008001278       0x3c ./Src/RCC_Program.o
                0x0000000008001278                MRCC_voidInit
 .text.MRCC_voidEnablePerClk
                0x00000000080012b4       0xb0 ./Src/RCC_Program.o
                0x00000000080012b4                MRCC_voidEnablePerClk
 .text.MRCC_voidEnableLOWPerClk
                0x0000000008001364       0xb4 ./Src/RCC_Program.o
                0x0000000008001364                MRCC_voidEnableLOWPerClk
 .text.MSTK_vInit
                0x0000000008001418       0x20 ./Src/STK_prg.o
                0x0000000008001418                MSTK_vInit
 .text.MSTK_vStopTimer
                0x0000000008001438       0x24 ./Src/STK_prg.o
                0x0000000008001438                MSTK_vStopTimer
 .text.MSTK_vSetInterval_single
                0x000000000800145c       0x48 ./Src/STK_prg.o
                0x000000000800145c                MSTK_vSetInterval_single
 .text.SysTick_Handler
                0x00000000080014a4       0x3c ./Src/STK_prg.o
                0x00000000080014a4                SysTick_Handler
 .text.MUSART_voidInit
                0x00000000080014e0      0x294 ./Src/UART_program.o
                0x00000000080014e0                MUSART_voidInit
 .text.MUSART_Enable
                0x0000000008001774       0x20 ./Src/UART_program.o
                0x0000000008001774                MUSART_Enable
 .text.MUSART_voidTransmitByte
                0x0000000008001794       0x46 ./Src/UART_program.o
                0x0000000008001794                MUSART_voidTransmitByte
 .text.MUSART_voidTransmitString
                0x00000000080017da       0x3c ./Src/UART_program.o
                0x00000000080017da                MUSART_voidTransmitString
 .text.MUSART_u8ReceiveByteSynch
                0x0000000008001816       0x3a ./Src/UART_program.o
                0x0000000008001816                MUSART_u8ReceiveByteSynch
 .text.USART1_IRQHandler
                0x0000000008001850       0x1c ./Src/UART_program.o
                0x0000000008001850                USART1_IRQHandler
 .text.USART2_IRQHandler
                0x000000000800186c       0x1c ./Src/UART_program.o
                0x000000000800186c                USART2_IRQHandler
 .text.USART6_IRQHandler
                0x0000000008001888       0x1c ./Src/UART_program.o
                0x0000000008001888                USART6_IRQHandler
 .text.App_code
                0x00000000080018a4       0x20 ./Src/main.o
                0x00000000080018a4                App_code
 .text.main     0x00000000080018c4      0x114 ./Src/main.o
                0x00000000080018c4                main
 .text.Reset_Handler
                0x00000000080019d8       0x50 ./Startup/startup_stm32f401ccux.o
                0x00000000080019d8                Reset_Handler
 .text.Default_Handler
                0x0000000008001a28        0x2 ./Startup/startup_stm32f401ccux.o
                0x0000000008001a28                EXTI2_IRQHandler
                0x0000000008001a28                DebugMon_Handler
                0x0000000008001a28                SPI4_IRQHandler
                0x0000000008001a28                TIM1_CC_IRQHandler
                0x0000000008001a28                DMA2_Stream5_IRQHandler
                0x0000000008001a28                HardFault_Handler
                0x0000000008001a28                DMA1_Stream5_IRQHandler
                0x0000000008001a28                SDIO_IRQHandler
                0x0000000008001a28                TAMP_STAMP_IRQHandler
                0x0000000008001a28                PendSV_Handler
                0x0000000008001a28                NMI_Handler
                0x0000000008001a28                EXTI3_IRQHandler
                0x0000000008001a28                TIM1_UP_TIM10_IRQHandler
                0x0000000008001a28                I2C3_ER_IRQHandler
                0x0000000008001a28                EXTI18_OTG_FS_WKUP_IRQHandler
                0x0000000008001a28                EXTI0_IRQHandler
                0x0000000008001a28                I2C2_EV_IRQHandler
                0x0000000008001a28                DMA1_Stream2_IRQHandler
                0x0000000008001a28                UsageFault_Handler
                0x0000000008001a28                DMA2_Stream2_IRQHandler
                0x0000000008001a28                SPI1_IRQHandler
                0x0000000008001a28                TIM1_BRK_TIM9_IRQHandler
                0x0000000008001a28                DMA2_Stream3_IRQHandler
                0x0000000008001a28                DMA2_Stream0_IRQHandler
                0x0000000008001a28                TIM4_IRQHandler
                0x0000000008001a28                I2C1_EV_IRQHandler
                0x0000000008001a28                DMA1_Stream6_IRQHandler
                0x0000000008001a28                DMA1_Stream1_IRQHandler
                0x0000000008001a28                TIM3_IRQHandler
                0x0000000008001a28                RCC_IRQHandler
                0x0000000008001a28                Default_Handler
                0x0000000008001a28                EXTI15_10_IRQHandler
                0x0000000008001a28                ADC_IRQHandler
                0x0000000008001a28                DMA1_Stream7_IRQHandler
                0x0000000008001a28                TIM5_IRQHandler
                0x0000000008001a28                DMA2_Stream7_IRQHandler
                0x0000000008001a28                I2C3_EV_IRQHandler
                0x0000000008001a28                EXTI9_5_IRQHandler
                0x0000000008001a28                SPI2_IRQHandler
                0x0000000008001a28                MemManage_Handler
                0x0000000008001a28                DMA1_Stream0_IRQHandler
                0x0000000008001a28                SVC_Handler
                0x0000000008001a28                EXTI4_IRQHandler
                0x0000000008001a28                EXTI22_RTC_WKUP_IRQHandler
                0x0000000008001a28                TIM2_IRQHandler
                0x0000000008001a28                EXTI16_PVD_IRQHandler
                0x0000000008001a28                TIM1_TRG_COM_TIM11_IRQHandler
                0x0000000008001a28                EXTI1_IRQHandler
                0x0000000008001a28                EXTI17_RTC_Alarm_IRQHandler
                0x0000000008001a28                I2C2_ER_IRQHandler
                0x0000000008001a28                DMA2_Stream1_IRQHandler
                0x0000000008001a28                FLASH_IRQHandler
                0x0000000008001a28                DMA2_Stream4_IRQHandler
                0x0000000008001a28                BusFault_Handler
                0x0000000008001a28                OTG_FS_IRQHandler
                0x0000000008001a28                SPI3_IRQHandler
                0x0000000008001a28                DMA1_Stream4_IRQHandler
                0x0000000008001a28                I2C1_ER_IRQHandler
                0x0000000008001a28                DMA2_Stream6_IRQHandler
                0x0000000008001a28                DMA1_Stream3_IRQHandler
 *fill*         0x0000000008001a2a        0x2 
 .text.__libc_init_array
                0x0000000008001a2c       0x48 D:/GP/IMP_Files/STM32CubeIDE_1.4.0/STM32CubeIDE/plugins/com.st.stm32cube.ide.mcu.externaltools.gnu-tools-for-stm32.11.3.rel1.win32_1.1.100.202309141235/tools/bin/../lib/gcc/arm-none-eabi/11.3.1/../../../../arm-none-eabi/lib/thumb/v7e-m+fp/hard\libc_nano.a(libc_a-init.o)
                0x0000000008001a2c                __libc_init_array
 *(.glue_7)
 .glue_7        0x0000000008001a74        0x0 linker stubs
 *(.glue_7t)
 .glue_7t       0x0000000008001a74        0x0 linker stubs
 *(.eh_frame)
 .eh_frame      0x0000000008001a74        0x0 D:/GP/IMP_Files/STM32CubeIDE_1.4.0/STM32CubeIDE/plugins/com.st.stm32cube.ide.mcu.externaltools.gnu-tools-for-stm32.11.3.rel1.win32_1.1.100.202309141235/tools/bin/../lib/gcc/arm-none-eabi/11.3.1/thumb/v7e-m+fp/hard/crtbegin.o
 *(.init)
 .init          0x0000000008001a74        0x4 D:/GP/IMP_Files/STM32CubeIDE_1.4.0/STM32CubeIDE/plugins/com.st.stm32cube.ide.mcu.externaltools.gnu-tools-for-stm32.11.3.rel1.win32_1.1.100.202309141235/tools/bin/../lib/gcc/arm-none-eabi/11.3.1/thumb/v7e-m+fp/hard/crti.o
                0x0000000008001a74                _init
 .init          0x0000000008001a78        0x8 D:/GP/IMP_Files/STM32CubeIDE_1.4.0/STM32CubeIDE/plugins/com.st.stm32cube.ide.mcu.externaltools.gnu-tools-for-stm32.11.3.rel1.win32_1.1.100.202309141235/tools/bin/../lib/gcc/arm-none-eabi/11.3.1/thumb/v7e-m+fp/hard/crtn.o
 *(.fini)
 .fini          0x0000000008001a80        0x4 D:/GP/IMP_Files/STM32CubeIDE_1.4.0/STM32CubeIDE/plugins/com.st.stm32cube.ide.mcu.externaltools.gnu-tools-for-stm32.11.3.rel1.win32_1.1.100.202309141235/tools/bin/../lib/gcc/arm-none-eabi/11.3.1/thumb/v7e-m+fp/hard/crti.o
                0x0000000008001a80                _fini
 .fini          0x0000000008001a84        0x8 D:/GP/IMP_Files/STM32CubeIDE_1.4.0/STM32CubeIDE/plugins/com.st.stm32cube.ide.mcu.externaltools.gnu-tools-for-stm32.11.3.rel1.win32_1.1.100.202309141235/tools/bin/../lib/gcc/arm-none-eabi/11.3.1/thumb/v7e-m+fp/hard/crtn.o
                0x0000000008001a8c                . = ALIGN (0x4)
                0x0000000008001a8c                _etext = .

.vfp11_veneer   0x0000000008001a8c        0x0
 .vfp11_veneer  0x0000000008001a8c        0x0 linker stubs

.v4_bx          0x0000000008001a8c        0x0
 .v4_bx         0x0000000008001a8c        0x0 linker stubs

.iplt           0x0000000008001a8c        0x0
 .iplt          0x0000000008001a8c        0x0 D:/GP/IMP_Files/STM32CubeIDE_1.4.0/STM32CubeIDE/plugins/com.st.stm32cube.ide.mcu.externaltools.gnu-tools-for-stm32.11.3.rel1.win32_1.1.100.202309141235/tools/bin/../lib/gcc/arm-none-eabi/11.3.1/thumb/v7e-m+fp/hard/crtbegin.o

.rodata         0x0000000008001a8c        0xc
                0x0000000008001a8c                . = ALIGN (0x4)
 *(.rodata)
 .rodata        0x0000000008001a8c        0xc ./Src/main.o
 *(.rodata*)
                0x0000000008001a98                . = ALIGN (0x4)

.ARM.extab      0x0000000008001a98        0x0
                0x0000000008001a98                . = ALIGN (0x4)
 *(.ARM.extab* .gnu.linkonce.armextab.*)
                0x0000000008001a98                . = ALIGN (0x4)

.ARM            0x0000000008001a98        0x8
                0x0000000008001a98                . = ALIGN (0x4)
                0x0000000008001a98                __exidx_start = .
 *(.ARM.exidx*)
 .ARM.exidx     0x0000000008001a98        0x8 D:/GP/IMP_Files/STM32CubeIDE_1.4.0/STM32CubeIDE/plugins/com.st.stm32cube.ide.mcu.externaltools.gnu-tools-for-stm32.11.3.rel1.win32_1.1.100.202309141235/tools/bin/../lib/gcc/arm-none-eabi/11.3.1/thumb/v7e-m+fp/hard\libgcc.a(_udivmoddi4.o)
                0x0000000008001aa0                __exidx_end = .
                0x0000000008001aa0                . = ALIGN (0x4)

.rel.dyn        0x0000000008001aa0        0x0
 .rel.iplt      0x0000000008001aa0        0x0 D:/GP/IMP_Files/STM32CubeIDE_1.4.0/STM32CubeIDE/plugins/com.st.stm32cube.ide.mcu.externaltools.gnu-tools-for-stm32.11.3.rel1.win32_1.1.100.202309141235/tools/bin/../lib/gcc/arm-none-eabi/11.3.1/thumb/v7e-m+fp/hard/crtbegin.o

.preinit_array  0x0000000008001aa0        0x0
                0x0000000008001aa0                . = ALIGN (0x4)
                0x0000000008001aa0                PROVIDE (__preinit_array_start = .)
 *(.preinit_array*)
                0x0000000008001aa0                PROVIDE (__preinit_array_end = .)
                0x0000000008001aa0                . = ALIGN (0x4)

.init_array     0x0000000008001aa0        0x4
                0x0000000008001aa0                . = ALIGN (0x4)
                0x0000000008001aa0                PROVIDE (__init_array_start = .)
 *(SORT_BY_NAME(.init_array.*))
 *(.init_array*)
 .init_array    0x0000000008001aa0        0x4 D:/GP/IMP_Files/STM32CubeIDE_1.4.0/STM32CubeIDE/plugins/com.st.stm32cube.ide.mcu.externaltools.gnu-tools-for-stm32.11.3.rel1.win32_1.1.100.202309141235/tools/bin/../lib/gcc/arm-none-eabi/11.3.1/thumb/v7e-m+fp/hard/crtbegin.o
                0x0000000008001aa4                PROVIDE (__init_array_end = .)
                0x0000000008001aa4                . = ALIGN (0x4)

.fini_array     0x0000000008001aa4        0x4
                0x0000000008001aa4                . = ALIGN (0x4)
                [!provide]                        PROVIDE (__fini_array_start = .)
 *(SORT_BY_NAME(.fini_array.*))
 *(.fini_array*)
 .fini_array    0x0000000008001aa4        0x4 D:/GP/IMP_Files/STM32CubeIDE_1.4.0/STM32CubeIDE/plugins/com.st.stm32cube.ide.mcu.externaltools.gnu-tools-for-stm32.11.3.rel1.win32_1.1.100.202309141235/tools/bin/../lib/gcc/arm-none-eabi/11.3.1/thumb/v7e-m+fp/hard/crtbegin.o
                [!provide]                        PROVIDE (__fini_array_end = .)
                0x0000000008001aa8                . = ALIGN (0x4)
                0x0000000008001aa8                _sidata = LOADADDR (.data)

.data           0x0000000020000000        0x4 load address 0x0000000008001aa8
                0x0000000020000000                . = ALIGN (0x4)
                0x0000000020000000                _sdata = .
 *(.data)
 *(.data*)
 .data.msg      0x0000000020000000        0x3 ./Src/main.o
                0x0000000020000000                msg
 *(.RamFunc)
 *(.RamFunc*)
                0x0000000020000004                . = ALIGN (0x4)
 *fill*         0x0000000020000003        0x1 
                0x0000000020000004                _edata = .

.igot.plt       0x0000000020000004        0x0 load address 0x0000000008001aac
 .igot.plt      0x0000000020000004        0x0 D:/GP/IMP_Files/STM32CubeIDE_1.4.0/STM32CubeIDE/plugins/com.st.stm32cube.ide.mcu.externaltools.gnu-tools-for-stm32.11.3.rel1.win32_1.1.100.202309141235/tools/bin/../lib/gcc/arm-none-eabi/11.3.1/thumb/v7e-m+fp/hard/crtbegin.o
                0x0000000020000004                . = ALIGN (0x4)

.bss            0x0000000020000004      0x12c load address 0x0000000008001aac
                0x0000000020000004                _sbss = .
                0x0000000020000004                __bss_start__ = _sbss
 *(.bss)
 .bss           0x0000000020000004       0x1c D:/GP/IMP_Files/STM32CubeIDE_1.4.0/STM32CubeIDE/plugins/com.st.stm32cube.ide.mcu.externaltools.gnu-tools-for-stm32.11.3.rel1.win32_1.1.100.202309141235/tools/bin/../lib/gcc/arm-none-eabi/11.3.1/thumb/v7e-m+fp/hard/crtbegin.o
 *(.bss*)
 .bss.FlashData
                0x0000000020000020       0xc8 ./Src/Hex_Parser.o
                0x0000000020000020                FlashData
 .bss.GS_STK_Callback
                0x00000000200000e8        0x4 ./Src/STK_prg.o
 .bss.G_u8SingleFlag
                0x00000000200000ec        0x1 ./Src/STK_prg.o
 *fill*         0x00000000200000ed        0x3 
 .bss.MUSART1_CallBack
                0x00000000200000f0        0x4 ./Src/UART_program.o
                0x00000000200000f0                MUSART1_CallBack
 .bss.MUSART2_CallBack
                0x00000000200000f4        0x4 ./Src/UART_program.o
                0x00000000200000f4                MUSART2_CallBack
 .bss.MUSART6_CallBack
                0x00000000200000f8        0x4 ./Src/UART_program.o
                0x00000000200000f8                MUSART6_CallBack
 .bss.Data      0x00000000200000fc       0x32 ./Src/main.o
                0x00000000200000fc                Data
 .bss.Local_u8UART_Status
                0x000000002000012e        0x1 ./Src/main.o
                0x000000002000012e                Local_u8UART_Status
 .bss.counter   0x000000002000012f        0x1 ./Src/main.o
                0x000000002000012f                counter
 *(COMMON)
                0x0000000020000130                . = ALIGN (0x4)
                0x0000000020000130                _ebss = .
                0x0000000020000130                __bss_end__ = _ebss

._user_heap_stack
                0x0000000020000130      0x600 load address 0x0000000008001aac
                0x0000000020000130                . = ALIGN (0x8)
                [!provide]                        PROVIDE (end = .)
                0x0000000020000130                PROVIDE (_end = .)
                0x0000000020000330                . = (. + _Min_Heap_Size)
 *fill*         0x0000000020000130      0x200 
                0x0000000020000730                . = (. + _Min_Stack_Size)
 *fill*         0x0000000020000330      0x400 
                0x0000000020000730                . = ALIGN (0x8)

/DISCARD/
 libc.a(*)
 libm.a(*)
 libgcc.a(*)

.ARM.attributes
                0x0000000000000000       0x30
 *(.ARM.attributes)
 .ARM.attributes
                0x0000000000000000       0x1e D:/GP/IMP_Files/STM32CubeIDE_1.4.0/STM32CubeIDE/plugins/com.st.stm32cube.ide.mcu.externaltools.gnu-tools-for-stm32.11.3.rel1.win32_1.1.100.202309141235/tools/bin/../lib/gcc/arm-none-eabi/11.3.1/thumb/v7e-m+fp/hard/crti.o
 .ARM.attributes
                0x000000000000001e       0x34 D:/GP/IMP_Files/STM32CubeIDE_1.4.0/STM32CubeIDE/plugins/com.st.stm32cube.ide.mcu.externaltools.gnu-tools-for-stm32.11.3.rel1.win32_1.1.100.202309141235/tools/bin/../lib/gcc/arm-none-eabi/11.3.1/thumb/v7e-m+fp/hard/crtbegin.o
 .ARM.attributes
                0x0000000000000052       0x34 ./Src/FMI_Program.o
 .ARM.attributes
                0x0000000000000086       0x34 ./Src/GPIO_program.o
 .ARM.attributes
                0x00000000000000ba       0x34 ./Src/Hex_Parser.o
 .ARM.attributes
                0x00000000000000ee       0x34 ./Src/RCC_Program.o
 .ARM.attributes
                0x0000000000000122       0x34 ./Src/STK_prg.o
 .ARM.attributes
                0x0000000000000156       0x34 ./Src/UART_program.o
 .ARM.attributes
                0x000000000000018a       0x34 ./Src/main.o
 .ARM.attributes
                0x00000000000001be       0x21 ./Startup/startup_stm32f401ccux.o
 .ARM.attributes
                0x00000000000001df       0x34 D:/GP/IMP_Files/STM32CubeIDE_1.4.0/STM32CubeIDE/plugins/com.st.stm32cube.ide.mcu.externaltools.gnu-tools-for-stm32.11.3.rel1.win32_1.1.100.202309141235/tools/bin/../lib/gcc/arm-none-eabi/11.3.1/../../../../arm-none-eabi/lib/thumb/v7e-m+fp/hard\libc_nano.a(libc_a-init.o)
 .ARM.attributes
                0x0000000000000213       0x1e D:/GP/IMP_Files/STM32CubeIDE_1.4.0/STM32CubeIDE/plugins/com.st.stm32cube.ide.mcu.externaltools.gnu-tools-for-stm32.11.3.rel1.win32_1.1.100.202309141235/tools/bin/../lib/gcc/arm-none-eabi/11.3.1/thumb/v7e-m+fp/hard\libgcc.a(_aeabi_uldivmod.o)
 .ARM.attributes
                0x0000000000000231       0x34 D:/GP/IMP_Files/STM32CubeIDE_1.4.0/STM32CubeIDE/plugins/com.st.stm32cube.ide.mcu.externaltools.gnu-tools-for-stm32.11.3.rel1.win32_1.1.100.202309141235/tools/bin/../lib/gcc/arm-none-eabi/11.3.1/thumb/v7e-m+fp/hard\libgcc.a(_udivmoddi4.o)
 .ARM.attributes
                0x0000000000000265       0x1e D:/GP/IMP_Files/STM32CubeIDE_1.4.0/STM32CubeIDE/plugins/com.st.stm32cube.ide.mcu.externaltools.gnu-tools-for-stm32.11.3.rel1.win32_1.1.100.202309141235/tools/bin/../lib/gcc/arm-none-eabi/11.3.1/thumb/v7e-m+fp/hard\libgcc.a(_dvmd_tls.o)
 .ARM.attributes
                0x0000000000000283       0x1e D:/GP/IMP_Files/STM32CubeIDE_1.4.0/STM32CubeIDE/plugins/com.st.stm32cube.ide.mcu.externaltools.gnu-tools-for-stm32.11.3.rel1.win32_1.1.100.202309141235/tools/bin/../lib/gcc/arm-none-eabi/11.3.1/thumb/v7e-m+fp/hard/crtn.o
OUTPUT(IMT_Bootloader_v00.elf elf32-littlearm)
LOAD linker stubs
LOAD D:/GP/IMP_Files/STM32CubeIDE_1.4.0/STM32CubeIDE/plugins/com.st.stm32cube.ide.mcu.externaltools.gnu-tools-for-stm32.11.3.rel1.win32_1.1.100.202309141235/tools/bin/../lib/gcc/arm-none-eabi/11.3.1/../../../../arm-none-eabi/lib/thumb/v7e-m+fp/hard\libc.a
LOAD D:/GP/IMP_Files/STM32CubeIDE_1.4.0/STM32CubeIDE/plugins/com.st.stm32cube.ide.mcu.externaltools.gnu-tools-for-stm32.11.3.rel1.win32_1.1.100.202309141235/tools/bin/../lib/gcc/arm-none-eabi/11.3.1/../../../../arm-none-eabi/lib/thumb/v7e-m+fp/hard\libm.a
LOAD D:/GP/IMP_Files/STM32CubeIDE_1.4.0/STM32CubeIDE/plugins/com.st.stm32cube.ide.mcu.externaltools.gnu-tools-for-stm32.11.3.rel1.win32_1.1.100.202309141235/tools/bin/../lib/gcc/arm-none-eabi/11.3.1/thumb/v7e-m+fp/hard\libgcc.a

.comment        0x0000000000000000       0x43
 .comment       0x0000000000000000       0x43 D:/GP/IMP_Files/STM32CubeIDE_1.4.0/STM32CubeIDE/plugins/com.st.stm32cube.ide.mcu.externaltools.gnu-tools-for-stm32.11.3.rel1.win32_1.1.100.202309141235/tools/bin/../lib/gcc/arm-none-eabi/11.3.1/thumb/v7e-m+fp/hard/crtbegin.o
                                         0x44 (size before relaxing)
 .comment       0x0000000000000043       0x44 ./Src/FMI_Program.o
 .comment       0x0000000000000043       0x44 ./Src/GPIO_program.o
 .comment       0x0000000000000043       0x44 ./Src/Hex_Parser.o
 .comment       0x0000000000000043       0x44 ./Src/RCC_Program.o
 .comment       0x0000000000000043       0x44 ./Src/STK_prg.o
 .comment       0x0000000000000043       0x44 ./Src/UART_program.o
 .comment       0x0000000000000043       0x44 ./Src/main.o

.debug_info     0x0000000000000000     0x1244
 .debug_info    0x0000000000000000      0x16a ./Src/FMI_Program.o
 .debug_info    0x000000000000016a      0x27a ./Src/GPIO_program.o
 .debug_info    0x00000000000003e4      0x209 ./Src/Hex_Parser.o
 .debug_info    0x00000000000005ed      0x163 ./Src/RCC_Program.o
 .debug_info    0x0000000000000750      0x1d9 ./Src/STK_prg.o
 .debug_info    0x0000000000000929      0x518 ./Src/UART_program.o
 .debug_info    0x0000000000000e41      0x3e0 ./Src/main.o
 .debug_info    0x0000000000001221       0x23 ./Startup/startup_stm32f401ccux.o

.debug_abbrev   0x0000000000000000      0x762
 .debug_abbrev  0x0000000000000000       0xdc ./Src/FMI_Program.o
 .debug_abbrev  0x00000000000000dc      0x105 ./Src/GPIO_program.o
 .debug_abbrev  0x00000000000001e1      0x100 ./Src/Hex_Parser.o
 .debug_abbrev  0x00000000000002e1       0x79 ./Src/RCC_Program.o
 .debug_abbrev  0x000000000000035a      0x115 ./Src/STK_prg.o
 .debug_abbrev  0x000000000000046f      0x17e ./Src/UART_program.o
 .debug_abbrev  0x00000000000005ed      0x163 ./Src/main.o
 .debug_abbrev  0x0000000000000750       0x12 ./Startup/startup_stm32f401ccux.o

.debug_aranges  0x0000000000000000      0x220
 .debug_aranges
                0x0000000000000000       0x28 ./Src/FMI_Program.o
 .debug_aranges
                0x0000000000000028       0x40 ./Src/GPIO_program.o
 .debug_aranges
                0x0000000000000068       0x28 ./Src/Hex_Parser.o
 .debug_aranges
                0x0000000000000090       0x40 ./Src/RCC_Program.o
 .debug_aranges
                0x00000000000000d0       0x58 ./Src/STK_prg.o
 .debug_aranges
                0x0000000000000128       0xa8 ./Src/UART_program.o
 .debug_aranges
                0x00000000000001d0       0x28 ./Src/main.o
 .debug_aranges
                0x00000000000001f8       0x28 ./Startup/startup_stm32f401ccux.o

.debug_rnglists
                0x0000000000000000      0x17e
 .debug_rnglists
                0x0000000000000000       0x1b ./Src/FMI_Program.o
 .debug_rnglists
                0x000000000000001b       0x30 ./Src/GPIO_program.o
 .debug_rnglists
                0x000000000000004b       0x1a ./Src/Hex_Parser.o
 .debug_rnglists
                0x0000000000000065       0x2f ./Src/RCC_Program.o
 .debug_rnglists
                0x0000000000000094       0x3d ./Src/STK_prg.o
 .debug_rnglists
                0x00000000000000d1       0x7a ./Src/UART_program.o
 .debug_rnglists
                0x000000000000014b       0x1a ./Src/main.o
 .debug_rnglists
                0x0000000000000165       0x19 ./Startup/startup_stm32f401ccux.o

.debug_macro    0x0000000000000000     0x1645
 .debug_macro   0x0000000000000000       0x3f ./Src/FMI_Program.o
 .debug_macro   0x000000000000003f      0xaae ./Src/FMI_Program.o
 .debug_macro   0x0000000000000aed       0x28 ./Src/FMI_Program.o
 .debug_macro   0x0000000000000b15       0x1c ./Src/FMI_Program.o
 .debug_macro   0x0000000000000b31       0x5e ./Src/FMI_Program.o
 .debug_macro   0x0000000000000b8f       0x10 ./Src/FMI_Program.o
 .debug_macro   0x0000000000000b9f       0x5a ./Src/GPIO_program.o
 .debug_macro   0x0000000000000bf9       0x22 ./Src/GPIO_program.o
 .debug_macro   0x0000000000000c1b       0x5e ./Src/GPIO_program.o
 .debug_macro   0x0000000000000c79       0x10 ./Src/GPIO_program.o
 .debug_macro   0x0000000000000c89      0x106 ./Src/GPIO_program.o
 .debug_macro   0x0000000000000d8f       0x1c ./Src/GPIO_program.o
 .debug_macro   0x0000000000000dab       0x86 ./Src/Hex_Parser.o
 .debug_macro   0x0000000000000e31       0x22 ./Src/Hex_Parser.o
 .debug_macro   0x0000000000000e53       0x8e ./Src/Hex_Parser.o
 .debug_macro   0x0000000000000ee1       0x51 ./Src/Hex_Parser.o
 .debug_macro   0x0000000000000f32      0x103 ./Src/Hex_Parser.o
 .debug_macro   0x0000000000001035       0x6a ./Src/Hex_Parser.o
 .debug_macro   0x000000000000109f      0x1df ./Src/Hex_Parser.o
 .debug_macro   0x000000000000127e       0x3e ./Src/RCC_Program.o
 .debug_macro   0x00000000000012bc       0x3f ./Src/STK_prg.o
 .debug_macro   0x00000000000012fb       0x46 ./Src/STK_prg.o
 .debug_macro   0x0000000000001341       0x16 ./Src/STK_prg.o
 .debug_macro   0x0000000000001357       0x3e ./Src/UART_program.o
 .debug_macro   0x0000000000001395       0x76 ./Src/UART_program.o
 .debug_macro   0x000000000000140b      0x170 ./Src/UART_program.o
 .debug_macro   0x000000000000157b       0x1c ./Src/UART_program.o
 .debug_macro   0x0000000000001597       0xae ./Src/main.o

.debug_line     0x0000000000000000     0x16dd
 .debug_line    0x0000000000000000      0x166 ./Src/FMI_Program.o
 .debug_line    0x0000000000000166      0x3f7 ./Src/GPIO_program.o
 .debug_line    0x000000000000055d      0x568 ./Src/Hex_Parser.o
 .debug_line    0x0000000000000ac5      0x187 ./Src/RCC_Program.o
 .debug_line    0x0000000000000c4c      0x19a ./Src/STK_prg.o
 .debug_line    0x0000000000000de6      0x380 ./Src/UART_program.o
 .debug_line    0x0000000000001166      0x4fc ./Src/main.o
 .debug_line    0x0000000000001662       0x7b ./Startup/startup_stm32f401ccux.o

.debug_str      0x0000000000000000     0x5698
 .debug_str     0x0000000000000000     0x30ed ./Src/FMI_Program.o
                                       0x3170 (size before relaxing)
 .debug_str     0x00000000000030ed      0x65e ./Src/GPIO_program.o
                                       0x3625 (size before relaxing)
 .debug_str     0x000000000000374b      0xe9c ./Src/Hex_Parser.o
                                       0x3e44 (size before relaxing)
 .debug_str     0x00000000000045e7       0x97 ./Src/RCC_Program.o
                                       0x328d (size before relaxing)
 .debug_str     0x000000000000467e      0x224 ./Src/STK_prg.o
                                       0x31eb (size before relaxing)
 .debug_str     0x00000000000048a2      0xd6b ./Src/UART_program.o
                                       0x3d52 (size before relaxing)
 .debug_str     0x000000000000560d       0x5c ./Src/main.o
                                       0x44c5 (size before relaxing)
 .debug_str     0x0000000000005669       0x2f ./Startup/startup_stm32f401ccux.o
                                         0x6b (size before relaxing)

.debug_frame    0x0000000000000000      0x72c
 .debug_frame   0x0000000000000000       0x60 ./Src/FMI_Program.o
 .debug_frame   0x0000000000000060       0xdc ./Src/GPIO_program.o
 .debug_frame   0x000000000000013c       0x5c ./Src/Hex_Parser.o
 .debug_frame   0x0000000000000198       0xd0 ./Src/RCC_Program.o
 .debug_frame   0x0000000000000268      0x124 ./Src/STK_prg.o
 .debug_frame   0x000000000000038c      0x2c0 ./Src/UART_program.o
 .debug_frame   0x000000000000064c       0x54 ./Src/main.o
 .debug_frame   0x00000000000006a0       0x2c D:/GP/IMP_Files/STM32CubeIDE_1.4.0/STM32CubeIDE/plugins/com.st.stm32cube.ide.mcu.externaltools.gnu-tools-for-stm32.11.3.rel1.win32_1.1.100.202309141235/tools/bin/../lib/gcc/arm-none-eabi/11.3.1/../../../../arm-none-eabi/lib/thumb/v7e-m+fp/hard\libc_nano.a(libc_a-init.o)
 .debug_frame   0x00000000000006cc       0x2c D:/GP/IMP_Files/STM32CubeIDE_1.4.0/STM32CubeIDE/plugins/com.st.stm32cube.ide.mcu.externaltools.gnu-tools-for-stm32.11.3.rel1.win32_1.1.100.202309141235/tools/bin/../lib/gcc/arm-none-eabi/11.3.1/thumb/v7e-m+fp/hard\libgcc.a(_aeabi_uldivmod.o)
 .debug_frame   0x00000000000006f8       0x34 D:/GP/IMP_Files/STM32CubeIDE_1.4.0/STM32CubeIDE/plugins/com.st.stm32cube.ide.mcu.externaltools.gnu-tools-for-stm32.11.3.rel1.win32_1.1.100.202309141235/tools/bin/../lib/gcc/arm-none-eabi/11.3.1/thumb/v7e-m+fp/hard\libgcc.a(_udivmoddi4.o)

.debug_line_str
                0x0000000000000000       0x5f
 .debug_line_str
                0x0000000000000000       0x5f ./Startup/startup_stm32f401ccux.o
                                         0x77 (size before relaxing)
