../Src/UART_program.c:26:6:MUSART_voidInit	96	static
../Src/UART_program.c:56:6:MUSART_Enable	16	static
../Src/UART_program.c:60:6:MUSART_Disable	16	static
../Src/UART_program.c:65:6:MUSART_voidTransmitByte	16	static
../Src/UART_program.c:74:6:MUSART_voidTransmitString	24	static
../Src/UART_program.c:84:4:MUSART_u8ReceiveByteSynchNonBlocking	24	static
../Src/UART_program.c:104:4:MUSART_u8ReceiveByteSynch	24	static
../Src/UART_program.c:123:6:MUSART_u8ReceiveByteASynchNonBlocking	16	static
../Src/UART_program.c:138:6:MUSART_ptrReceiveStringSynchNonBlocking	24	static
../Src/UART_program.c:150:4:MUSART_u8ReadDataRegister	16	static
../Src/UART_program.c:155:6:MUSART_voidClearFlags	16	static
../Src/UART_program.c:160:6:MUSART_RxIntSetStatus	16	static
../Src/UART_program.c:169:6:MUSART1_voidSetCallBack	16	static
../Src/UART_program.c:174:6:MUSART2_voidSetCallBack	16	static
../Src/UART_program.c:179:6:MUSART6_voidSetCallBack	16	static
../Src/UART_program.c:184:6:USART1_IRQHandler	8	static
../Src/UART_program.c:190:6:USART2_IRQHandler	8	static
../Src/UART_program.c:196:6:USART6_IRQHandler	8	static
